\BOOKMARK [1][-]{section.1}{\376\377\000P\000H\036\240\000M\000\040\000V\000I\000\040\000H\036\306\000\040\000T\000H\036\320\000N\000G}{}% 1
\BOOKMARK [1][-]{section.2}{\376\377\000P\000H\000\302\000N\000\040\000T\000\315\000C\000H\000\040\000N\000G\001\257\036\334\000I\000\040\000D\000\331\000N\000G\000\040\000\050\000A\000C\000T\000O\000R\000\051}{}% 2
\BOOKMARK [1][-]{section.3}{\376\377\000D\000A\000N\000H\000\040\000S\000\301\000C\000H\000\040\000U\000S\000E\000\040\000C\000A\000S\000E\000\040\000C\000H\000\315\000N\000H}{}% 3
\BOOKMARK [1][-]{section.4}{\376\377\000Q\000U\000Y\000\040\000T\000R\000\314\000N\000H\000\040\000N\000G\000H\000I\036\306\000P\000\040\000V\036\344\000\040\000C\000H\000U\000N\000G}{}% 4
\BOOKMARK [2][-]{subsection.4.1}{\376\377\000Q\000u\000y\000\040\000t\000r\000\354\000n\000h\000\040\000x\036\355\000\040\000l\000\375\000\040\001\021\001\241\000n\000\040\000h\000\340\000n\000g}{section.4}% 5
\BOOKMARK [2][-]{subsection.4.2}{\376\377\000Q\000u\000y\000\040\000t\036\257\000c\000\040\000c\000h\000u\000y\036\303\000n\000\040\000t\000r\036\241\000n\000g\000\040\000t\000h\000\341\000i\000\040\001\021\001\241\000n\000\040\000h\000\340\000n\000g}{section.4}% 6
\BOOKMARK [2][-]{subsection.4.3}{\376\377\000Q\000u\000y\000\040\000t\036\257\000c\000\040\000h\036\347\000y\000\040\001\021\001\241\000n\000\040\000h\000\340\000n\000g}{section.4}% 7
\BOOKMARK [2][-]{subsection.4.4}{\376\377\000Q\000u\000y\000\040\000t\036\257\000c\000\040\000q\000u\036\243\000n\000\040\000l\000\375\000\040\000t\036\323\000n\000\040\000k\000h\000o}{section.4}% 8
\BOOKMARK [2][-]{subsection.4.5}{\376\377\000Q\000u\000y\000\040\000t\036\257\000c\000\040\000t\000h\000a\000n\000h\000\040\000t\000o\000\341\000n}{section.4}% 9
\BOOKMARK [2][-]{subsection.4.6}{\376\377\000Q\000u\000y\000\040\000t\036\257\000c\000\040\000x\036\355\000\040\000l\000\375\000\040\000t\000h\000a\000n\000h\000\040\000t\000o\000\341\000n\000\040\000t\000r\036\361\000c\000\040\000t\000u\000y\036\277\000n\000\040\000t\000h\036\245\000t\000\040\000b\036\241\000i}{section.4}% 10
\BOOKMARK [1][-]{section.5}{\376\377\001\020\036\266\000C\000\040\000T\036\242\000\040\000C\000H\000I\000\040\000T\000I\036\276\000T\000\040\000C\000\301\000C\000\040\000U\000S\000E\000\040\000C\000A\000S\000E}{}% 11
\BOOKMARK [2][-]{subsection.5.1}{\376\377\000U\000C\0000\0001\000.\000\040\001\020\001\003\000n\000g\000\040\000k\000\375}{section.5}% 12
\BOOKMARK [2][-]{subsection.5.2}{\376\377\000U\000C\0000\0002\000.\000\040\001\020\001\003\000n\000g\000\040\000n\000h\036\255\000p}{section.5}% 13
\BOOKMARK [2][-]{subsection.5.3}{\376\377\000U\000C\0000\0003\000.\000\040\000X\000e\000m\000,\000\040\000t\000\354\000m\000\040\000k\000i\036\277\000m\000\040\000v\000\340\000\040\000l\036\315\000c\000\040\000s\036\243\000n\000\040\000p\000h\036\251\000m}{section.5}% 14
\BOOKMARK [2][-]{subsection.5.4}{\376\377\000U\000C\0000\0004\000.\000\040\000Q\000u\036\243\000n\000\040\000l\000\375\000\040\000g\000i\036\317\000\040\000h\000\340\000n\000g}{section.5}% 15
\BOOKMARK [2][-]{subsection.5.5}{\376\377\000U\000C\0000\0005\000.\000\040\001\020\036\267\000t\000\040\000h\000\340\000n\000g}{section.5}% 16
\BOOKMARK [2][-]{subsection.5.6}{\376\377\000U\000C\0000\0006\000.\000\040\000T\000h\000a\000n\000h\000\040\000t\000o\000\341\000n}{section.5}% 17
\BOOKMARK [2][-]{subsection.5.7}{\376\377\000U\000C\0000\0007\000.\000\040\000T\000h\000e\000o\000\040\000d\000\365\000i\000\040\000v\000\340\000\040\000h\036\347\000y\000\040\001\021\001\241\000n\000\040\000h\000\340\000n\000g}{section.5}% 18
\BOOKMARK [2][-]{subsection.5.8}{\376\377\000U\000C\0000\0008\000.\000\040\000Q\000u\036\243\000n\000\040\000l\000\375\000\040\000t\000\340\000i\000\040\000k\000h\000o\036\243\000n}{section.5}% 19
\BOOKMARK [2][-]{subsection.5.9}{\376\377\000U\000C\0000\0009\000.\000\040\000Q\000u\036\243\000n\000\040\000l\000\375\000\040\001\021\001\241\000n\000\040\000h\000\340\000n\000g}{section.5}% 20
\BOOKMARK [2][-]{subsection.5.10}{\376\377\000U\000C\0001\0000\000.\000\040\000K\000i\036\303\000m\000\040\000t\000r\000a\000\040\000t\036\323\000n\000\040\000k\000h\000o}{section.5}% 21
\BOOKMARK [2][-]{subsection.5.11}{\376\377\000U\000C\0001\0001\000.\000\040\000Q\000u\036\243\000n\000\040\000l\000\375\000\040\000s\036\243\000n\000\040\000p\000h\036\251\000m}{section.5}% 22
\BOOKMARK [2][-]{subsection.5.12}{\376\377\000U\000C\0001\0002\000.\000\040\000Q\000u\036\243\000n\000\040\000l\000\375\000\040\000d\000a\000n\000h\000\040\000m\036\345\000c}{section.5}% 23
\BOOKMARK [2][-]{subsection.5.13}{\376\377\000U\000C\0001\0003\000.\000\040\000Q\000u\036\243\000n\000\040\000l\000\375\000\040\000n\000g\001\260\036\335\000i\000\040\000d\000\371\000n\000g}{section.5}% 24
\BOOKMARK [2][-]{subsection.5.14}{\376\377\000U\000C\0001\0004\000.\000\040\000Q\000u\036\243\000n\000\040\000l\000\375\000\040\000k\000h\000o}{section.5}% 25
\BOOKMARK [2][-]{subsection.5.15}{\376\377\000U\000C\0001\0005\000.\000\040\000X\000e\000m\000\040\000t\000h\036\321\000n\000g\000\040\000k\000\352}{section.5}% 26
\BOOKMARK [1][-]{section.6}{\376\377\000B\000i\036\303\000u\000\040\001\021\036\323\000\040\000U\000s\000e\000\040\000C\000a\000s\000e\000\040\000t\036\325\000n\000g\000\040\000q\000u\000\341\000t}{}% 27
\BOOKMARK [1][-]{section.7}{\376\377\000B\000i\036\303\000u\000\040\001\021\036\323\000\040\000C\000l\000a\000s\000s\000\040\000t\036\325\000n\000g\000\040\000q\000u\000\341\000t}{}% 28
\BOOKMARK [1][-]{section.8}{\376\377\000B\000i\036\303\000u\000\040\001\021\036\323\000\040\000D\000a\000t\000a\000b\000a\000s\000e\000\040\000t\036\325\000n\000g\000\040\000q\000u\000\341\000t}{}% 29
